ARM GAS  task1.s 			page 1


   1              	.global task1
   2              	.global init_t1
   3              	
   4              	
   5              	.extern __stack_task1_end
   6              	.extern __stack_task2end
   7              	
   8              	
   9              	
  10              	.equ addr_start, 0x70A00000
  11              	.equ addr_end, 0x70A0FFFF
  12              	.equ ref_value, 0x55AA55AA
  13              	
  14              	
  15              	.section .t1_text, "ax"   
  16              	task1: 
  17 0000 28009FE5 	    LDR R0, =addr_start
  18 0004 28109FE5 	    LDR R1, =addr_end
  19 0008 28209FE5 	    LDR R2, =ref_value
  20              	
  21              	loop: 
  22 000c 002080E5 	    STR R2, [R0]      
  23 0010 003090E5 	    LDR R3, [R0]
  24 0014 020053E1 	    CMP R3, R2
  25 0018 0300001A 	    BNE error
  26 001c 040080E2 	    ADD R0, R0, #4
  27 0020 010050E1 	    CMP R0, R1
  28 0024 F8FFFFBA 	    BLT loop
  29 0028 3EFF2FE1 	    BLX LR
  30              	
  31              	error:
  32 002c FEFFFFEA 	    B error
  33              	
  34              	
  35              	.section .task1_data, "wa"
  36 0000 00000000 	    SP1: .space 4 
  37              	    .global SP1
  38              	
  39              	.section .task1_bss, "wa"
ARM GAS  task1.s 			page 2


DEFINED SYMBOLS
             task1.s:16     .t1_text:00000000 task1
             task1.s:10     *ABS*:70a00000 addr_start
             task1.s:11     *ABS*:70a0ffff addr_end
             task1.s:12     *ABS*:55aa55aa ref_value
             task1.s:17     .t1_text:00000000 $a
             task1.s:21     .t1_text:0000000c loop
             task1.s:31     .t1_text:0000002c error
             task1.s:36     .task1_data:00000000 SP1
             task1.s:36     .task1_data:00000000 $d
             task1.s:39     .t1_text:00000030 $d

UNDEFINED SYMBOLS
init_t1
