ARM GAS  task1.s 			page 1


   1              	.global task1
   2              	
   3              	
   4              	.equ addr_start1, 0x70A00000
   5              	.equ addr_end1, 0x70A0FFFF
   6              	.equ ref_value, 0x55AA55AA
   7              	
   8              	
   9              	.section .t1_text, "ax"   
  10              	task1: 
  11 0000 28009FE5 	    LDR R0, =addr_start1
  12 0004 28109FE5 	    LDR R1, =addr_end1
  13 0008 28209FE5 	    LDR R2, =ref_value
  14              	    
  15              	
  16              	loop: 
  17 000c 002080E5 	    STR R2, [R0]      
  18 0010 003090E5 	    LDR R3, [R0]
  19 0014 020053E1 	    CMP R3, R2
  20 0018 0300001A 	    BNE error
  21 001c 040080E2 	    ADD R0, R0, #4
  22 0020 010050E1 	    CMP R0, R1
  23 0024 F8FFFFBA 	    BLT loop
  24 0028 FEFFFFEA 	    B task1
  25              	error:
  26 002c FEFFFFEA 	    B error
  27              	
  28              	
  29              	.section .task1_data, "wa" // Definido para que cree espacio en el stack. 
  30 0000 0000A070 	    .word 0x70A00000
  31              	
  32              	.section .task1_bss, "wa"
  33              	
  34              	.end
ARM GAS  task1.s 			page 2


DEFINED SYMBOLS
             task1.s:10     .t1_text:00000000 task1
             task1.s:4      *ABS*:70a00000 addr_start1
             task1.s:5      *ABS*:70a0ffff addr_end1
             task1.s:6      *ABS*:55aa55aa ref_value
             task1.s:11     .t1_text:00000000 $a
             task1.s:16     .t1_text:0000000c loop
             task1.s:25     .t1_text:0000002c error
             task1.s:34     .t1_text:00000030 $d

NO UNDEFINED SYMBOLS
