ARM GAS  task2.s 			page 1


   1              	.global task2
   2              	.global init_t2
   3              	
   4              	.equ addr_start, 0x70A10000
   5              	.equ addr_end, 0x70A1FFFF
   6              	
   7              	.section .t2_text, "ax"
   8              	task2: 
   9 0000 1C009FE5 	    LDR R0, =addr_start
  10 0004 1C109FE5 	    LDR R1, =addr_end
  11              	
  12              	loop:     
  13 0008 002090E5 	    LDR R2, [R0]
  14 000c 0230E0E1 	    MVN R3, R2
  15 0010 003080E5 	    STR R3, [R0]
  16 0014 040080E2 	    ADD R0, R0, #4
  17 0018 010050E1 	    CMP R0, R1
  18 001c F9FFFFBA 	    BLT loop    
  19 0020 3EFF2FE1 	    BLX LR
  20              	
  21              	
  22              	.section .task2_data, "wa"
  23 0000 00000000 	    SP2: .space 4 
  24              	    .global SP2
  25              	
  26              	
  27              	.section .task1_bss, "wa"
ARM GAS  task2.s 			page 2


DEFINED SYMBOLS
             task2.s:8      .t2_text:00000000 task2
             task2.s:4      *ABS*:70a10000 addr_start
             task2.s:5      *ABS*:70a1ffff addr_end
             task2.s:9      .t2_text:00000000 $a
             task2.s:12     .t2_text:00000008 loop
             task2.s:23     .task2_data:00000000 SP2
             task2.s:23     .task2_data:00000000 $d
             task2.s:27     .t2_text:00000024 $d

UNDEFINED SYMBOLS
init_t2
