
There are no discarded input sections

Memory Configuration

Name             Origin             Length             Attributes
reset_mem_rom    0x00000000         0x00001000
boot_mem_rom     0x70010000         0x00001000
application_mem_ram 0x70600000         0x00001000
data_mem_ram     0x70500000         0x00001000
stack_mem_ram    0x70300000         0x00001000
bss_mem_ram      0x70400000         0x00001000
*default*        0x00000000         0xffffffff

Linker script and memory map

LOAD tp02.o
                0x00000000                        _VECTOR_RESET_INIT = 0x0
                0x70010000                        _BOOTLOADER_INIT = 0x70010000
                0x70600000                        _APPLICATION_INIT = 0x70600000
                0x70500000                        _DATA_INIT = 0x70500000
                0x70300000                        _STACK_INIT = 0x70300000
                0x70400000                        _BSS_INIT = 0x70400000

boot            0x70010000       0x40
 *(boot*)
 boot           0x70010000       0x40 tp02.o
                0x70010000                _start

.text           0x70600000        0x4 load address 0x70010040
                0x70600000                        __text_start = .
 *(.text*)
 .text          0x70600000        0x4 tp02.o
                0x70600004                        __text_end = .
                0x70010040                        __text_LMA = LOADADDR (.text)

.glue_7         0x70600004        0x0 load address 0x70010044
 .glue_7        0x70600004        0x0 linker stubs

.glue_7t        0x70600004        0x0 load address 0x70010044
 .glue_7t       0x70600004        0x0 linker stubs

.vfp11_veneer   0x70600004        0x0 load address 0x70010044
 .vfp11_veneer  0x70600004        0x0 linker stubs

.v4_bx          0x70600004        0x0 load address 0x70010044
 .v4_bx         0x70600004        0x0 linker stubs

.iplt           0x70600004        0x0 load address 0x70010044
 .iplt          0x70600004        0x0 tp02.o

.rel.dyn        0x70600004        0x0 load address 0x70010044
 .rel.iplt      0x70600004        0x0 tp02.o

.data           0x70500000        0x4 load address 0x70010044
                0x70500000                        . = ALIGN (0x4)
 *(.data*)
 .data          0x70500000        0x4 tp02.o

.igot.plt       0x70500004        0x0 load address 0x70010048
 .igot.plt      0x70500004        0x0 tp02.o

.stack          0x70300000        0x0
                0x70300000                        __stack_start = .
 *(.stack*)
                0x70300000                        __stack_bottom = .

.bss            0x70400000        0x0
                0x70400000                        . = ALIGN (0x4)
                0x70400000                        __bss_start__ = .
 *(.bss*)
 .bss           0x70400000        0x0 tp02.o
                0x70400000                        __bss_end__ = .
OUTPUT(tp02.elf elf32-littlearm)
LOAD linker stubs

.ARM.attributes
                0x00000000       0x16
 .ARM.attributes
                0x00000000       0x16 tp02.o

.debug_line     0x00000000       0x55
 .debug_line    0x00000000       0x55 tp02.o

.debug_info     0x00000000       0x22
 .debug_info    0x00000000       0x22 tp02.o

.debug_abbrev   0x00000000       0x12
 .debug_abbrev  0x00000000       0x12 tp02.o

.debug_aranges  0x00000000       0x28
 .debug_aranges
                0x00000000       0x28 tp02.o

.debug_str      0x00000000       0x3a
 .debug_str     0x00000000       0x3a tp02.o

.debug_ranges   0x00000000       0x20
 .debug_ranges  0x00000000       0x20 tp02.o
